{
  "baseline_fingerprints": {
    "scanPrimaryLocationHash": [
      "16d32c9b831c6cfe",
      "16d32c9b831c6cfe",
      "16d32c9b831c6cfe",
      "16d32c9b831c6cfe",
      "16d32c9b831c6cfe",
      "16d32c9b831c6cfe"
    ],
    "scanTagsHash": []
  },
  "created_at": "2022-11-11 08:40:05.360716"
}